// Jest Snapshot v1, https://goo.gl/fbAQLP

exports[`Test if the Getting Started page is working as expected <GettingStartedPage /> matches snapshot 1`] = `
<div>
   
  <div
    class="layout page-layout getting-started-page"
    data-componentid="getting-started-page-layout"
    data-testid="page-layout"
  >
    <div
      class="layout-content"
    >
      <div
        class="loaders content-loader"
        data-componentid="content-loader-wrapper"
        data-testid="content-loader-wrapper"
      >
        <div
          class="ui active transition visible inverted dimmer"
          data-componentid="content-loader-dimmer"
          data-testid="content-loader-dimmer"
          style="display: flex;"
        >
          <div
            class="content"
          >
            <div
              class="ui inverted loader"
              data-componentid="content-loader"
              data-testid="content-loader"
            />
          </div>
        </div>
      </div>
    </div>
  </div>
   
</div>
`;
